warning: file `C:\Users\arunj\.gemini\antigravity\playground\fusion-hawking\examples\rust_app\main.rs` found to be present in multiple build targets:
  * `bin` target `rust_demo`
  * `example` target `rust_app`
    Finished `dev` profile [unoptimized + debuginfo] target(s) in 0.05s
